// Vitest Snapshot v1, https://vitest.dev/guide/snapshot.html

exports[`correct pokemon list rendering 1`] = `
<div>
  <a
    data-discover="true"
    href="/1"
  >
    <div
      class="pokemon-container"
    >
      <img
        src="https//google.com/image"
      />
      <div
        class="pokemon-text-container"
      >
        <h2
          class="h2"
        >
           
          Pikachu
           
        </h2>
        <span
          class="pokemon-desription"
        >
          yellow pokemon
        </span>
      </div>
    </div>
  </a>
</div>
`;
