// Vitest Snapshot v1, https://vitest.dev/guide/snapshot.html

exports[`check AppPAge component rendering 1`] = `
<div>
  <div
    class="app-page-container"
  >
    <div
      class="app-page"
    >
      <div>
        App
      </div>
    </div>
    <div>
      <div>
        Outlet
      </div>
    </div>
  </div>
</div>
`;
